// Jest Snapshot v1, https://goo.gl/fbAQLP

exports[`<StarsRating /> Should have a specific css rules if the variant is BUTTON 1`] = `
.c0 {
  color: #415058;
  font-family: 'Roboto',sans-serif;
  -webkit-letter-spacing: normal;
  -moz-letter-spacing: normal;
  -ms-letter-spacing: normal;
  letter-spacing: normal;
  padding: 0;
  margin: 0;
  min-width: 20px;
}

@media (min-width:0px) and (max-width:599px) {

}

<div>
  <p
    class="c0"
    color="#415058"
  >
    text
  </p>
</div>
`;

exports[`<StarsRating /> Should have a specific css rules if the variant is BUTTON_MENU 1`] = `
.c0 {
  color: #415058;
  font-family: 'Roboto',sans-serif;
  -webkit-letter-spacing: normal;
  -moz-letter-spacing: normal;
  -ms-letter-spacing: normal;
  letter-spacing: normal;
  padding: 0;
  margin: 0;
  min-width: 20px;
}

@media (min-width:0px) and (max-width:599px) {

}

<div>
  <p
    class="c0"
    color="#415058"
  >
    text
  </p>
</div>
`;

exports[`<StarsRating /> Should have a specific css rules if the variant is NORMAL 1`] = `
.c0 {
  color: #415058;
  font-family: 'Roboto',sans-serif;
  -webkit-letter-spacing: normal;
  -moz-letter-spacing: normal;
  -ms-letter-spacing: normal;
  letter-spacing: normal;
  padding: 0;
  margin: 0;
  min-width: 20px;
}

@media (min-width:0px) and (max-width:599px) {

}

<div>
  <p
    class="c0"
    color="#415058"
  >
    text
  </p>
</div>
`;

exports[`<StarsRating /> Should have a specific css rules if the variant is SMALL 1`] = `
.c0 {
  color: #415058;
  font-family: 'Roboto',sans-serif;
  -webkit-letter-spacing: normal;
  -moz-letter-spacing: normal;
  -ms-letter-spacing: normal;
  letter-spacing: normal;
  padding: 0;
  margin: 0;
  min-width: 20px;
}

@media (min-width:0px) and (max-width:599px) {

}

<div>
  <p
    class="c0"
    color="#415058"
  >
    text
  </p>
</div>
`;

exports[`<StarsRating /> Should have a specific css rules if the variant is TITLE 1`] = `
.c0 {
  color: #415058;
  font-family: 'Roboto',sans-serif;
  -webkit-letter-spacing: normal;
  -moz-letter-spacing: normal;
  -ms-letter-spacing: normal;
  letter-spacing: normal;
  padding: 0;
  margin: 0;
  min-width: 20px;
}

@media (min-width:0px) and (max-width:599px) {

}

<div>
  <p
    class="c0"
    color="#415058"
  >
    text
  </p>
</div>
`;
