// Jest Snapshot v1, https://goo.gl/fbAQLP

exports[`<Card /> Should have a default css rules by default 1`] = `
.c0 {
  border-color: #e0e6eb;
  border-style: solid;
  border-width: 0px 0px thin;
  -webkit-align-self: undefined;
  -ms-flex-item-align: undefined;
  align-self: undefined;
  height: undefined;
  width: 100%;
  margin-block: unset;
  margin-inline: unset;
}

<div>
  <hr
    class="c0"
  />
</div>
`;
